иммммммммммммммямммммммммммммммммммммммммммммммммммммммммммммммммммммммммммммм╩
╨ FILENAME     Ё DESCRIPTION (DSP COMMANDS)                                   ╨
лммммммммммммммьмммммммммммммммммммммммммммммммммммммммммммммммммммммммммммммм╧
╨ SBOSC   .ASM Ё Direct ADC, 8-bit                                            ╨
╨              юбддддддбдддддддддддддддддддддддддддддддддддддддддддддддддддддд╤
╨               Ё 020h Ё Direct ADC, 8-bit                                    ╨
лммммммммммммммяоммммммомммммммммммммммммммммммммммммммммммммммммммммммммммммм╧
╨ SBREC   .ASM Ё Direct DAC/ADC, 8-bit                                        ╨
╨              юбддддддбдддддддддддддддддддддддддддддддддддддддддддддддддддддд╤
╨               Ё 010h Ё Direct DAC, 8-bit                                    ╨
╨               цддддддедддддддддддддддддддддддддддддддддддддддддддддддддддддд╤
╨               Ё╞020h Ё Direct ADC, 8-bit                                    ╨
лммммммммммммммяоммммммомммммммммммммммммммммммммммммммммммммммммммммммммммммм╧
╨ DMASTEP1.ASM Ё DMA DAC, 8-bit                                               ╨
╨              юбддддддбдддддддддддддддддддддддддддддддддддддддддддддддддддддд╤
╨               Ё 014h Ё DMA DAC, 8-bit                                       ╨
╨               цддддддедддддддддддддддддддддддддддддддддддддддддддддддддддддд╤
╨               Ё 040h Ё Set Time Constant                                    ╨
╨               цддддддедддддддддддддддддддддддддддддддддддддддддддддддддддддд╤
╨               Ё 0D1h Ё Enable Speaker                                       ╨
лммммммммммммммяоммммммомммммммммммммммммммммммммммммммммммммммммммммммммммммм╧
╨ DMASTEP2.ASM Ё DMA DAC, 8-bit  Restart Pause Continue                       ╨
╨              юбддддддбдддддддддддддддддддддддддддддддддддддддддддддддддддддд╤
╨               Ё╞014h Ё DMA DAC, 8-bit                                       ╨
╨               цддддддедддддддддддддддддддддддддддддддддддддддддддддддддддддд╤
╨               Ё╞040h Ё Set Time Constant                                    ╨
╨               цддддддедддддддддддддддддддддддддддддддддддддддддддддддддддддд╤
╨               Ё 0D0h Ё Halt DMA Operation, 8-bit                            ╨
╨               цддддддедддддддддддддддддддддддддддддддддддддддддддддддддддддд╤
╨               Ё╞0D1h Ё Enable Speaker                                       ╨
╨               цддддддедддддддддддддддддддддддддддддддддддддддддддддддддддддд╤
╨               Ё 0D4h Ё Continue DMA Operation, 8-bit                        ╨
╨               цддддддедддддддддддддддддддддддддддддддддддддддддддддддддддддд╤
╨               Ё 0DAh Ё Exit Auto-Initialize DMA Operation, 8-bit            ╨
лммммммммммммммяоммммммомммммммммммммммммммммммммммммммммммммммммммммммммммммм╧
╨ DMASTEP3.ASM Ё DMA DAC, 8-bit                          Auto-Initialize      ╨
╨              юбддддддбдддддддддддддддддддддддддддддддддддддддддддддддддддддд╤
╨               Ё 01Ch Ё Auto-Initialize DMA DAC, 8-bit                       ╨
╨               цддддддедддддддддддддддддддддддддддддддддддддддддддддддддддддд╤
╨               Ё╞040h Ё Set Time Constant                                    ╨
╨               цддддддедддддддддддддддддддддддддддддддддддддддддддддддддддддд╤
╨               Ё 048h Ё Set DMA Block Size                                   ╨
╨               цддддддедддддддддддддддддддддддддддддддддддддддддддддддддддддд╤
╨               Ё╞0D1h Ё Enable Speaker                                       ╨
лммммммммммммммяоммммммомммммммммммммммммммммммммммммммммммммммммммммммммммммм╧
╨ DMASTEP4.ASM Ё DMA DAC, 8-bit          Pause Continue  Auto-Initialize      ╨
╨              юбддддддбдддддддддддддддддддддддддддддддддддддддддддддддддддддд╤
╨               Ё╞01Ch Ё Auto-Initialize DMA DAC, 8-bit                       ╨
╨               цддддддедддддддддддддддддддддддддддддддддддддддддддддддддддддд╤
╨               Ё╞040h Ё Set Time Constant                                    ╨
╨               цддддддедддддддддддддддддддддддддддддддддддддддддддддддддддддд╤
╨               Ё╞048h Ё Set DMA Block Size                                   ╨
╨               цддддддедддддддддддддддддддддддддддддддддддддддддддддддддддддд╤
╨               Ё╞0D0h Ё Halt DMA Operation, 8-bit                            ╨
╨               цддддддедддддддддддддддддддддддддддддддддддддддддддддддддддддд╤
╨               Ё╞0D1h Ё Enable Speaker                                       ╨
╨               цддддддедддддддддддддддддддддддддддддддддддддддддддддддддддддд╤
╨               Ё╞0D4h Ё Continue DMA Operation, 8-bit                        ╨
лммммммммммммммяоммммммомммммммммммммммммммммммммммммммммммммммммммммммммммммм╧
╨ DMASTEP5.ASM Ё DMA DAC, 8-bit  Restart Pause Continue  Auto-Initialize HiSp ╨
╨              юбддддддбдддддддддддддддддддддддддддддддддддддддддддддддддддддд╤
╨               Ё╞040h Ё Set Time Constant                                    ╨
╨               цддддддедддддддддддддддддддддддддддддддддддддддддддддддддддддд╤
╨               Ё╞048h Ё Set DMA Block Size                                   ╨
╨               цддддддедддддддддддддддддддддддддддддддддддддддддддддддддддддд╤
╨               Ё 090h Ё Auto-Initialize DMA DAC, 8-bit (High Speed)          ╨
╨               цддддддедддддддддддддддддддддддддддддддддддддддддддддддддддддд╤
╨               Ё╞0D0h Ё Halt DMA Operation, 8-bit                            ╨
╨               цддддддедддддддддддддддддддддддддддддддддддддддддддддддддддддд╤
╨               Ё╞0D1h Ё Enable Speaker                                       ╨
╨               цддддддедддддддддддддддддддддддддддддддддддддддддддддддддддддд╤
╨               Ё╞0D4h Ё Continue DMA Operation, 8-bit                        ╨
╨               цддддддедддддддддддддддддддддддддддддддддддддддддддддддддддддд╤
╨               Ё╞0DAh Ё Exit Auto-Initialize DMA Operation, 8-bit            ╨
лммммммммммммммяоммммммомммммммммммммммммммммммммммммммммммммммммммммммммммммм╧
╨ DMASTEP6.ASM Ё DMA DAC, 8-bit          Pause Continue  Auto-Initialize HiSp ╨
╨              юбддддддбдддддддддддддддддддддддддддддддддддддддддддддддддддддд╤
╨               Ё╞040h Ё Set Time Constant                                    ╨
╨               цддддддедддддддддддддддддддддддддддддддддддддддддддддддддддддд╤
╨               Ё╞048h Ё Set DMA Block Size                                   ╨
╨               цддддддедддддддддддддддддддддддддддддддддддддддддддддддддддддд╤
╨               Ё╞090h Ё Auto-Initialize DMA DAC, 8-bit (High Speed)          ╨
╨               цддддддедддддддддддддддддддддддддддддддддддддддддддддддддддддд╤
╨               Ё╞0D0h Ё Halt DMA Operation, 8-bit                            ╨
╨               цддддддедддддддддддддддддддддддддддддддддддддддддддддддддддддд╤
╨               Ё╞0D1h Ё Enable Speaker                                       ╨
╨               цддддддедддддддддддддддддддддддддддддддддддддддддддддддддддддд╤
╨               Ё╞0D4h Ё Continue DMA Operation, 8-bit                        ╨
лммммммммммммммяоммммммомммммммммммммммммммммммммммммммммммммммммммммммммммммм╧
╨ DMASTEP7.ASM Ё DMA DAC, 8-bit          Pause Continue  Auto-Initialize HiSp ╨
╨              юбддддддбдддддддддддддддддддддддддддддддддддддддддддддддддддддд╤
╨               Ё╞040h Ё Set Time Constant                                    ╨
╨               цддддддедддддддддддддддддддддддддддддддддддддддддддддддддддддд╤
╨               Ё╞048h Ё Set DMA Block Size                                   ╨
╨               цддддддедддддддддддддддддддддддддддддддддддддддддддддддддддддд╤
╨               Ё╞090h Ё Auto-Initialize DMA DAC, 8-bit (High Speed)          ╨
╨               цддддддедддддддддддддддддддддддддддддддддддддддддддддддддддддд╤
╨               Ё╞0D0h Ё Halt DMA Operation, 8-bit                            ╨
╨               цддддддедддддддддддддддддддддддддддддддддддддддддддддддддддддд╤
╨               Ё╞0D1h Ё Enable Speaker                                       ╨
╨               цддддддедддддддддддддддддддддддддддддддддддддддддддддддддддддд╤
╨               Ё╞0D4h Ё Continue DMA Operation, 8-bit                        ╨
лммммммммммммммяоммммммомммммммммммммммммммммммммммммммммммммммммммммммммммммм╧
╨ DMASTEP8.ASM Ё DMA DAC, 8-bit          Pause Continue  Auto-Initialize SB16 ╨
╨              юбддддддбдддддддддддддддддддддддддддддддддддддддддддддддддддддд╤
╨               Ё╞040h Ё Set Time Constant                                    ╨
╨               цддддддедддддддддддддддддддддддддддддддддддддддддддддддддддддд╤
╨               Ё 0Cxh Ё Generic DAC/ADC DMA, 8-bit (0C6h 010h)               ╨
╨               цддддддедддддддддддддддддддддддддддддддддддддддддддддддддддддд╤
╨               Ё╞0D0h Ё Halt DMA Operation, 8-bit                            ╨
╨               цддддддедддддддддддддддддддддддддддддддддддддддддддддддддддддд╤
╨               Ё╞0D1h Ё Enable Speaker                                       ╨
╨               цддддддедддддддддддддддддддддддддддддддддддддддддддддддддддддд╤
╨               Ё╞0D4h Ё Continue DMA Operation, 8-bit                        ╨
лммммммммммммммяоммммммомммммммммммммммммммммммммммммммммммммммммммммммммммммм╧
╨ DMASTP9A.ASM Ё DMA DAC, 8-bit          Pause Continue  Auto-Initialize SB16 ╨
╨              юбддддддбдддддддддддддддддддддддддддддддддддддддддддддддддддддд╤
╨               Ё 041h Ё Set Sample Rate                                      ╨
╨               цддддддедддддддддддддддддддддддддддддддддддддддддддддддддддддд╤
╨               Ё 0Cxh Ё Generic DAC/ADC DMA, 8-bit (0C6h 020h)               ╨
╨               цддддддедддддддддддддддддддддддддддддддддддддддддддддддддддддд╤
╨               Ё╞0D0h Ё Halt DMA Operation, 8-bit                            ╨
╨               цддддддедддддддддддддддддддддддддддддддддддддддддддддддддддддд╤
╨               Ё╞0D1h Ё Enable Speaker                                       ╨
╨               цддддддедддддддддддддддддддддддддддддддддддддддддддддддддддддд╤
╨               Ё╞0D4h Ё Continue DMA Operation, 8-bit                        ╨
лммммммммммммммяоммммммомммммммммммммммммммммммммммммммммммммммммммммммммммммм╧
╨ DMASTP9B.ASM Ё DMA DAC, 8-bit                          Auto-Initialize SPro ╨
╨              юбддддддбдддддддддддддддддддддддддддддддддддддддддддддддддддддд╤
╨               Ё╞01Ch Ё Auto-Initialize DMA DAC, 8-bit                       ╨
╨               цддддддедддддддддддддддддддддддддддддддддддддддддддддддддддддд╤
╨               Ё╞040h Ё Set Time Constant                                    ╨
╨               цддддддедддддддддддддддддддддддддддддддддддддддддддддддддддддд╤
╨               Ё╞048h Ё Set DMA Block Size                                   ╨
╨               цддддддедддддддддддддддддддддддддддддддддддддддддддддддддддддд╤
╨               Ё╞0D1h Ё Enable Speaker                                       ╨
лммммммммммммммяоммммммомммммммммммммммммммммммммммммммммммммммммммммммммммммм╧
╨ DMASTP10.ASM Ё DMA DAC, 16-bit         Pause Continue  Auto-Initialize SB16 ╨
╨              юбддддддбдддддддддддддддддддддддддддддддддддддддддддддддддддддд╤
╨               Ё╞041h Ё Set Sample Rate                                      ╨
╨               цддддддедддддддддддддддддддддддддддддддддддддддддддддддддддддд╤
╨               Ё 0Bxh Ё Generic DAC/ADC DMA, 16-bit (0B6h 000h)              ╨
╨               цддддддедддддддддддддддддддддддддддддддддддддддддддддддддддддд╤
╨               Ё╞0D1h Ё Enable Speaker                                       ╨
╨               цддддддедддддддддддддддддддддддддддддддддддддддддддддддддддддд╤
╨               Ё 0D5h Ё Halt DMA Operation, 16-bit                           ╨
╨               цддддддедддддддддддддддддддддддддддддддддддддддддддддддддддддд╤
╨               Ё 0D6h Ё Continue DMA Operation, 16-bit                       ╨
лммммммммммммммяоммммммомммммммммммммммммммммммммммммммммммммммммммммммммммммм╧
╨ DMASTP11.ASM Ё DMA DAC, 16-bit         Pause Continue  Auto-Initialize SB16 ╨
╨              юбддддддбдддддддддддддддддддддддддддддддддддддддддддддддддддддд╤
╨               Ё╞041h Ё Set Sample Rate                                      ╨
╨               цддддддедддддддддддддддддддддддддддддддддддддддддддддддддддддд╤
╨               Ё 0Bxh Ё Generic DAC/ADC DMA, 16-bit (0B6h 020h)              ╨
╨               цддддддедддддддддддддддддддддддддддддддддддддддддддддддддддддд╤
╨               Ё╞0D1h Ё Enable Speaker                                       ╨
╨               цддддддедддддддддддддддддддддддддддддддддддддддддддддддддддддд╤
╨               Ё╞0D5h Ё Halt DMA Operation, 16-bit                           ╨
╨               цддддддедддддддддддддддддддддддддддддддддддддддддддддддддддддд╤
╨               Ё╞0D6h Ё Continue DMA Operation, 16-bit                       ╨
лммммммммммммммяоммммммомммммммммммммммммммммммммммммммммммммммммммммммммммммм╧
╨ DMASTP12.ASM Ё DMA DAC, 16-bit         Pause Continue  Auto-Initialize SB16 ╨
╨              юбддддддбдддддддддддддддддддддддддддддддддддддддддддддддддддддд╤
╨               Ё╞041h Ё Set Sample Rate                                      ╨
╨               цддддддедддддддддддддддддддддддддддддддддддддддддддддддддддддд╤
╨               Ё╞0Bxh Ё Generic DAC/ADC DMA, 16-bit (0B6h 000h)              ╨
╨               цддддддедддддддддддддддддддддддддддддддддддддддддддддддддддддд╤
╨               Ё╞0D1h Ё Enable Speaker                                       ╨
╨               цддддддедддддддддддддддддддддддддддддддддддддддддддддддддддддд╤
╨               Ё╞0D5h Ё Halt DMA Operation, 16-bit                           ╨
╨               цддддддедддддддддддддддддддддддддддддддддддддддддддддддддддддд╤
╨               Ё╞0D6h Ё Continue DMA Operation, 16-bit                       ╨
хмммммммммммммммоммммммомммммммммммммммммммммммммммммммммммммммммммммммммммммм╪
